[INFO] Scanning for projects...
[INFO] ------------------------------------------------------------------------
[INFO] Reactor Build Order:
[INFO] 
[INFO] osgi-junit-extender-parent                                         [pom]
[INFO] junit-import-extender                                              [jar]
[INFO] fixture-production                                                 [jar]
[INFO] fixture-tests-fragment                                             [jar]
[INFO] fixture-ordinary-tests                                             [jar]
[INFO] execution-app-fixture                                              [jar]
[INFO] alternative-junit-provider                                         [jar]
[INFO] alternative-hamcrest-provider                                      [jar]
[INFO] it-harness                                                         [jar]
[INFO] 
[INFO] --------------< example.junit:osgi-junit-extender-parent >--------------
[INFO] Building osgi-junit-extender-parent 1.0.0-SNAPSHOT                 [1/9]
[INFO]   from pom.xml
[INFO] --------------------------------[ pom ]---------------------------------
[INFO] 
[INFO] --- clean:3.4.1:clean (default-clean) @ osgi-junit-extender-parent ---
[INFO] 
[INFO] ----------------< example.junit:junit-import-extender >-----------------
[INFO] Building junit-import-extender 1.0.0-SNAPSHOT                      [2/9]
[INFO]   from junit-import-extender/pom.xml
[INFO] --------------------------------[ jar ]---------------------------------
[INFO] 
[INFO] --- clean:3.4.1:clean (default-clean) @ junit-import-extender ---
[INFO] Deleting /home/wilx/osgi-junit-extender-project/junit-import-extender/target
[INFO] 
[INFO] --- resources:3.3.1:resources (default-resources) @ junit-import-extender ---
[INFO] skip non existing resourceDirectory /home/wilx/osgi-junit-extender-project/junit-import-extender/src/main/resources
[INFO] 
[INFO] --- compiler:3.14.1:compile (default-compile) @ junit-import-extender ---
[INFO] Recompiling the module because of changed source code.
[INFO] Compiling 4 source files with javac [debug release 17] to target/classes
[INFO] 
[INFO] --- bundle:6.0.0:manifest (manifest) @ junit-import-extender ---
[INFO] No MANIFEST.MF file found, generating manifest.
[INFO] Writing manifest: /home/wilx/osgi-junit-extender-project/junit-import-extender/target/osgi-manifest/MANIFEST.MF
[INFO] 
[INFO] --- resources:3.3.1:testResources (default-testResources) @ junit-import-extender ---
[INFO] skip non existing resourceDirectory /home/wilx/osgi-junit-extender-project/junit-import-extender/src/test/resources
[INFO] 
[INFO] --- compiler:3.14.1:testCompile (default-testCompile) @ junit-import-extender ---
[INFO] Recompiling the module because of changed dependency.
[INFO] Compiling 1 source file with javac [debug release 17] to target/test-classes
[INFO] 
[INFO] --- surefire:3.5.4:test (default-test) @ junit-import-extender ---
[INFO] Using auto detected provider org.apache.maven.surefire.junitplatform.JUnitPlatformProvider
[INFO] 
[INFO] -------------------------------------------------------
[INFO]  T E S T S
[INFO] -------------------------------------------------------
[INFO] Running example.junit.extender.ImportPolicyTest
[INFO] Tests run: 4, Failures: 0, Errors: 0, Skipped: 0, Time elapsed: 0.045 s -- in example.junit.extender.ImportPolicyTest
[INFO] 
[INFO] Results:
[INFO] 
[INFO] Tests run: 4, Failures: 0, Errors: 0, Skipped: 0
[INFO] 
[INFO] 
[INFO] --- jar:3.4.2:jar (default-jar) @ junit-import-extender ---
[INFO] Building jar: /home/wilx/osgi-junit-extender-project/junit-import-extender/target/junit-import-extender-1.0.0-SNAPSHOT.jar
[INFO] 
[INFO] ------------------< example.junit:fixture-production >------------------
[INFO] Building fixture-production 1.0.0-SNAPSHOT                         [3/9]
[INFO]   from fixture-production/pom.xml
[INFO] --------------------------------[ jar ]---------------------------------
[INFO] 
[INFO] --- clean:3.4.1:clean (default-clean) @ fixture-production ---
[INFO] Deleting /home/wilx/osgi-junit-extender-project/fixture-production/target
[INFO] 
[INFO] --- resources:3.3.1:resources (default-resources) @ fixture-production ---
[INFO] skip non existing resourceDirectory /home/wilx/osgi-junit-extender-project/fixture-production/src/main/resources
[INFO] 
[INFO] --- compiler:3.14.1:compile (default-compile) @ fixture-production ---
[INFO] Recompiling the module because of changed source code.
[INFO] Compiling 1 source file with javac [debug release 17] to target/classes
[INFO] 
[INFO] --- bundle:6.0.0:manifest (manifest) @ fixture-production ---
[INFO] No MANIFEST.MF file found, generating manifest.
[INFO] Writing manifest: /home/wilx/osgi-junit-extender-project/fixture-production/target/osgi-manifest/MANIFEST.MF
[INFO] 
[INFO] --- resources:3.3.1:testResources (default-testResources) @ fixture-production ---
[INFO] skip non existing resourceDirectory /home/wilx/osgi-junit-extender-project/fixture-production/src/test/resources
[INFO] 
[INFO] --- compiler:3.14.1:testCompile (default-testCompile) @ fixture-production ---
[INFO] No sources to compile
[INFO] 
[INFO] --- surefire:3.5.4:test (default-test) @ fixture-production ---
[INFO] No tests to run.
[INFO] 
[INFO] --- jar:3.4.2:jar (default-jar) @ fixture-production ---
[INFO] Building jar: /home/wilx/osgi-junit-extender-project/fixture-production/target/fixture-production-1.0.0-SNAPSHOT.jar
[INFO] 
[INFO] ----------------< example.junit:fixture-tests-fragment >----------------
[INFO] Building fixture-tests-fragment 1.0.0-SNAPSHOT                     [4/9]
[INFO]   from fixture-tests-fragment/pom.xml
[INFO] --------------------------------[ jar ]---------------------------------
[INFO] 
[INFO] --- clean:3.4.1:clean (default-clean) @ fixture-tests-fragment ---
[INFO] Deleting /home/wilx/osgi-junit-extender-project/fixture-tests-fragment/target
[INFO] 
[INFO] --- resources:3.3.1:resources (default-resources) @ fixture-tests-fragment ---
[INFO] skip non existing resourceDirectory /home/wilx/osgi-junit-extender-project/fixture-tests-fragment/src/main/resources
[INFO] 
[INFO] --- compiler:3.14.1:compile (default-compile) @ fixture-tests-fragment ---
[INFO] Recompiling the module because of changed dependency.
[INFO] Compiling 72 source files with javac [debug release 17] to target/classes
[INFO] /home/wilx/osgi-junit-extender-project/fixture-tests-fragment/src/main/java/fixtures/production/ProductionTest.java: /home/wilx/osgi-junit-extender-project/fixture-tests-fragment/src/main/java/fixtures/production/ProductionTest.java uses or overrides a deprecated API.
[INFO] /home/wilx/osgi-junit-extender-project/fixture-tests-fragment/src/main/java/fixtures/production/ProductionTest.java: Recompile with -Xlint:deprecation for details.
[INFO] 
[INFO] --- bundle:6.0.0:manifest (manifest) @ fixture-tests-fragment ---
[INFO] No MANIFEST.MF file found, generating manifest.
[INFO] Writing manifest: /home/wilx/osgi-junit-extender-project/fixture-tests-fragment/target/osgi-manifest/MANIFEST.MF
[INFO] 
[INFO] --- resources:3.3.1:testResources (default-testResources) @ fixture-tests-fragment ---
[INFO] skip non existing resourceDirectory /home/wilx/osgi-junit-extender-project/fixture-tests-fragment/src/test/resources
[INFO] 
[INFO] --- compiler:3.14.1:testCompile (default-testCompile) @ fixture-tests-fragment ---
[INFO] No sources to compile
[INFO] 
[INFO] --- surefire:3.5.4:test (default-test) @ fixture-tests-fragment ---
[INFO] No tests to run.
[INFO] 
[INFO] --- jar:3.4.2:jar (default-jar) @ fixture-tests-fragment ---
[INFO] Building jar: /home/wilx/osgi-junit-extender-project/fixture-tests-fragment/target/fixture-tests-fragment-1.0.0-SNAPSHOT.jar
[INFO] 
[INFO] ----------------< example.junit:fixture-ordinary-tests >----------------
[INFO] Building fixture-ordinary-tests 1.0.0-SNAPSHOT                     [5/9]
[INFO]   from fixture-ordinary-tests/pom.xml
[INFO] --------------------------------[ jar ]---------------------------------
[INFO] 
[INFO] --- clean:3.4.1:clean (default-clean) @ fixture-ordinary-tests ---
[INFO] Deleting /home/wilx/osgi-junit-extender-project/fixture-ordinary-tests/target
[INFO] 
[INFO] --- resources:3.3.1:resources (default-resources) @ fixture-ordinary-tests ---
[INFO] skip non existing resourceDirectory /home/wilx/osgi-junit-extender-project/fixture-ordinary-tests/src/main/resources
[INFO] 
[INFO] --- compiler:3.14.1:compile (default-compile) @ fixture-ordinary-tests ---
[INFO] Recompiling the module because of changed source code.
[INFO] Compiling 2 source files with javac [debug release 17] to target/classes
[INFO] 
[INFO] --- bundle:6.0.0:manifest (manifest) @ fixture-ordinary-tests ---
[INFO] No MANIFEST.MF file found, generating manifest.
[INFO] Writing manifest: /home/wilx/osgi-junit-extender-project/fixture-ordinary-tests/target/osgi-manifest/MANIFEST.MF
[INFO] 
[INFO] --- resources:3.3.1:testResources (default-testResources) @ fixture-ordinary-tests ---
[INFO] skip non existing resourceDirectory /home/wilx/osgi-junit-extender-project/fixture-ordinary-tests/src/test/resources
[INFO] 
[INFO] --- compiler:3.14.1:testCompile (default-testCompile) @ fixture-ordinary-tests ---
[INFO] No sources to compile
[INFO] 
[INFO] --- surefire:3.5.4:test (default-test) @ fixture-ordinary-tests ---
[INFO] No tests to run.
[INFO] 
[INFO] --- jar:3.4.2:jar (default-jar) @ fixture-ordinary-tests ---
[INFO] Building jar: /home/wilx/osgi-junit-extender-project/fixture-ordinary-tests/target/fixture-ordinary-tests-1.0.0-SNAPSHOT.jar
[INFO] 
[INFO] ----------------< example.junit:execution-app-fixture >-----------------
[INFO] Building execution-app-fixture 1.0.0-SNAPSHOT                      [6/9]
[INFO]   from execution-app-fixture/pom.xml
[INFO] --------------------------------[ jar ]---------------------------------
[INFO] 
[INFO] --- clean:3.4.1:clean (default-clean) @ execution-app-fixture ---
[INFO] Deleting /home/wilx/osgi-junit-extender-project/execution-app-fixture/target
[INFO] 
[INFO] --- resources:3.3.1:resources (default-resources) @ execution-app-fixture ---
[INFO] Copying 1 resource from src/main/resources to target/classes
[INFO] 
[INFO] --- compiler:3.14.1:compile (default-compile) @ execution-app-fixture ---
[INFO] Recompiling the module because of changed source code.
[INFO] Compiling 1 source file with javac [debug release 17] to target/classes
[INFO] 
[INFO] --- bundle:6.0.0:manifest (manifest) @ execution-app-fixture ---
[INFO] No MANIFEST.MF file found, generating manifest.
[INFO] Writing manifest: /home/wilx/osgi-junit-extender-project/execution-app-fixture/target/osgi-manifest/MANIFEST.MF
[INFO] 
[INFO] --- resources:3.3.1:testResources (default-testResources) @ execution-app-fixture ---
[INFO] skip non existing resourceDirectory /home/wilx/osgi-junit-extender-project/execution-app-fixture/src/test/resources
[INFO] 
[INFO] --- compiler:3.14.1:testCompile (default-testCompile) @ execution-app-fixture ---
[INFO] No sources to compile
[INFO] 
[INFO] --- surefire:3.5.4:test (default-test) @ execution-app-fixture ---
[INFO] No tests to run.
[INFO] 
[INFO] --- jar:3.4.2:jar (default-jar) @ execution-app-fixture ---
[INFO] Building jar: /home/wilx/osgi-junit-extender-project/execution-app-fixture/target/execution-app-fixture-1.0.0-SNAPSHOT.jar
[INFO] 
[INFO] --------------< example.junit:alternative-junit-provider >--------------
[INFO] Building alternative-junit-provider 1.0.0-SNAPSHOT                 [7/9]
[INFO]   from alternative-junit-provider/pom.xml
[INFO] --------------------------------[ jar ]---------------------------------
[INFO] 
[INFO] --- clean:3.4.1:clean (default-clean) @ alternative-junit-provider ---
[INFO] Deleting /home/wilx/osgi-junit-extender-project/alternative-junit-provider/target
[INFO] 
[INFO] --- dependency:3.8.1:unpack (provider-content) @ alternative-junit-provider ---
[INFO] Configured Artifact: junit:junit:4.13.2:jar
[INFO] 
[INFO] --- resources:3.3.1:resources (default-resources) @ alternative-junit-provider ---
[INFO] skip non existing resourceDirectory /home/wilx/osgi-junit-extender-project/alternative-junit-provider/src/main/resources
[INFO] 
[INFO] --- compiler:3.14.1:compile (default-compile) @ alternative-junit-provider ---
[INFO] No sources to compile
[INFO] 
[INFO] --- bundle:6.0.0:manifest (manifest) @ alternative-junit-provider ---
[INFO] No MANIFEST.MF file found, generating manifest.
[INFO] Writing manifest: /home/wilx/osgi-junit-extender-project/alternative-junit-provider/target/osgi-manifest/MANIFEST.MF
[INFO] 
[INFO] --- resources:3.3.1:testResources (default-testResources) @ alternative-junit-provider ---
[INFO] skip non existing resourceDirectory /home/wilx/osgi-junit-extender-project/alternative-junit-provider/src/test/resources
[INFO] 
[INFO] --- compiler:3.14.1:testCompile (default-testCompile) @ alternative-junit-provider ---
[INFO] No sources to compile
[INFO] 
[INFO] --- surefire:3.5.4:test (default-test) @ alternative-junit-provider ---
[INFO] No tests to run.
[INFO] 
[INFO] --- jar:3.4.2:jar (default-jar) @ alternative-junit-provider ---
[INFO] Building jar: /home/wilx/osgi-junit-extender-project/alternative-junit-provider/target/alternative-junit-provider-1.0.0-SNAPSHOT.jar
[INFO] 
[INFO] ------------< example.junit:alternative-hamcrest-provider >-------------
[INFO] Building alternative-hamcrest-provider 1.0.0-SNAPSHOT              [8/9]
[INFO]   from alternative-hamcrest-provider/pom.xml
[INFO] --------------------------------[ jar ]---------------------------------
[INFO] 
[INFO] --- clean:3.4.1:clean (default-clean) @ alternative-hamcrest-provider ---
[INFO] Deleting /home/wilx/osgi-junit-extender-project/alternative-hamcrest-provider/target
[INFO] 
[INFO] --- dependency:3.8.1:unpack (provider-content) @ alternative-hamcrest-provider ---
[INFO] Configured Artifact: org.hamcrest:hamcrest-core:1.3:jar
[INFO] 
[INFO] --- resources:3.3.1:resources (default-resources) @ alternative-hamcrest-provider ---
[INFO] skip non existing resourceDirectory /home/wilx/osgi-junit-extender-project/alternative-hamcrest-provider/src/main/resources
[INFO] 
[INFO] --- compiler:3.14.1:compile (default-compile) @ alternative-hamcrest-provider ---
[INFO] No sources to compile
[INFO] 
[INFO] --- bundle:6.0.0:manifest (manifest) @ alternative-hamcrest-provider ---
[INFO] No MANIFEST.MF file found, generating manifest.
[INFO] Writing manifest: /home/wilx/osgi-junit-extender-project/alternative-hamcrest-provider/target/osgi-manifest/MANIFEST.MF
[INFO] 
[INFO] --- resources:3.3.1:testResources (default-testResources) @ alternative-hamcrest-provider ---
[INFO] skip non existing resourceDirectory /home/wilx/osgi-junit-extender-project/alternative-hamcrest-provider/src/test/resources
[INFO] 
[INFO] --- compiler:3.14.1:testCompile (default-testCompile) @ alternative-hamcrest-provider ---
[INFO] No sources to compile
[INFO] 
[INFO] --- surefire:3.5.4:test (default-test) @ alternative-hamcrest-provider ---
[INFO] No tests to run.
[INFO] 
[INFO] --- jar:3.4.2:jar (default-jar) @ alternative-hamcrest-provider ---
[INFO] Building jar: /home/wilx/osgi-junit-extender-project/alternative-hamcrest-provider/target/alternative-hamcrest-provider-1.0.0-SNAPSHOT.jar
[INFO] 
[INFO] ----------------------< example.junit:it-harness >----------------------
[INFO] Building it-harness 1.0.0-SNAPSHOT                                 [9/9]
[INFO]   from it-harness/pom.xml
[INFO] --------------------------------[ jar ]---------------------------------
[INFO] 
[INFO] --- clean:3.4.1:clean (default-clean) @ it-harness ---
[INFO] Deleting /home/wilx/osgi-junit-extender-project/it-harness/target
[INFO] 
[INFO] --- resources:3.3.1:resources (default-resources) @ it-harness ---
[INFO] Copying 1 resource from src/main/resources to target/classes
[INFO] 
[INFO] --- compiler:3.14.1:compile (default-compile) @ it-harness ---
[INFO] Recompiling the module because of changed source code.
[INFO] Compiling 1 source file with javac [debug release 17] to target/classes
[INFO] 
[INFO] --- resources:3.3.1:testResources (default-testResources) @ it-harness ---
[INFO] skip non existing resourceDirectory /home/wilx/osgi-junit-extender-project/it-harness/src/test/resources
[INFO] 
[INFO] --- compiler:3.14.1:testCompile (default-testCompile) @ it-harness ---
[INFO] Recompiling the module because of changed dependency.
[INFO] Compiling 1 source file with javac [debug release 17] to target/test-classes
[INFO] 
[INFO] --- surefire:3.5.4:test (default-test) @ it-harness ---
[INFO] 
[INFO] --- jar:3.4.2:jar (default-jar) @ it-harness ---
[INFO] Building jar: /home/wilx/osgi-junit-extender-project/it-harness/target/it-harness-1.0.0-SNAPSHOT.jar
[INFO] 
[INFO] --- dependency:3.8.1:copy (stage-bundles) @ it-harness ---
[INFO] Configured Artifact: example.junit:junit-import-extender:1.0.0-SNAPSHOT:jar
[INFO] Configured Artifact: example.junit:fixture-production:1.0.0-SNAPSHOT:jar
[INFO] Configured Artifact: example.junit:fixture-tests-fragment:1.0.0-SNAPSHOT:jar
[INFO] Configured Artifact: example.junit:fixture-ordinary-tests:1.0.0-SNAPSHOT:jar
[INFO] Configured Artifact: example.junit:execution-app-fixture:1.0.0-SNAPSHOT:jar
[INFO] Configured Artifact: example.junit:alternative-junit-provider:1.0.0-SNAPSHOT:jar
[INFO] Configured Artifact: example.junit:alternative-hamcrest-provider:1.0.0-SNAPSHOT:jar
[INFO] Configured Artifact: org.eclipse.platform:org.eclipse.osgi:3.24.300:jar
[INFO] Configured Artifact: org.eclipse.platform:org.eclipse.equinox.app:1.7.600:jar
[INFO] Configured Artifact: org.eclipse.platform:org.eclipse.equinox.registry:3.12.600:jar
[INFO] Configured Artifact: org.eclipse.platform:org.eclipse.equinox.common:3.20.300:jar
[INFO] Configured Artifact: org.apache.servicemix.bundles:org.apache.servicemix.bundles.junit:4.13.2_1:jar
[INFO] 
[INFO] --- failsafe:3.5.4:integration-test (default) @ it-harness ---
[INFO] Using auto detected provider org.apache.maven.surefire.junitplatform.JUnitPlatformProvider
[INFO] 
[INFO] -------------------------------------------------------
[INFO]  T E S T S
[INFO] -------------------------------------------------------
[INFO] Running example.junit.it.EquinoxIT
[INFO] Tests run: 28, Failures: 0, Errors: 0, Skipped: 0, Time elapsed: 15.35 s -- in example.junit.it.EquinoxIT
[INFO] 
[INFO] Results:
[INFO] 
[INFO] Tests run: 28, Failures: 0, Errors: 0, Skipped: 0
[INFO] 
[INFO] 
[INFO] --- failsafe:3.5.4:verify (default) @ it-harness ---
[INFO] ------------------------------------------------------------------------
[INFO] Reactor Summary for osgi-junit-extender-parent 1.0.0-SNAPSHOT:
[INFO] 
[INFO] osgi-junit-extender-parent ......................... SUCCESS [  0.081 s]
[INFO] junit-import-extender .............................. SUCCESS [  1.832 s]
[INFO] fixture-production ................................. SUCCESS [  0.093 s]
[INFO] fixture-tests-fragment ............................. SUCCESS [  0.208 s]
[INFO] fixture-ordinary-tests ............................. SUCCESS [  0.081 s]
[INFO] execution-app-fixture .............................. SUCCESS [  0.143 s]
[INFO] alternative-junit-provider ......................... SUCCESS [  0.559 s]
[INFO] alternative-hamcrest-provider ...................... SUCCESS [  0.069 s]
[INFO] it-harness ......................................... SUCCESS [ 16.065 s]
[INFO] ------------------------------------------------------------------------
[INFO] BUILD SUCCESS
[INFO] ------------------------------------------------------------------------
[INFO] Total time:  19.210 s
[INFO] Finished at: 2026-09-30T01:08:52+02:00
[INFO] ------------------------------------------------------------------------
